border_size=1
usage=map

Aa          , Aa          , Aa          , Aa          , Hh          , Mm          , Mm          , Mm          , Mm          , Aa          , Aa          , Aa          , Aa          , Aa          , Aa          , Aa          , Aa          , Gg          , Gg          , Aa          , Aa          , Aa          , Aa          , Aa          , Aa          , Aa          , Aa          , Aa          , Aa          , Aa          , Aa          , Gg          , Gg          , Ww          , Gg          , Gg          , Gg          , Aa          , Aa          , Aa^Fpa      , Aa^Fpa      , Aa^Fpa      , Gg          , Aa          , Re          , Re          , Aa          , Aa          , Gg          , Aa          , Aa          , Ha          , Ha          , Aa          , Gg          , Gg          , Aa^Fpa      , Hh          , Hh          , Aa^Fpa      , Gs^Fp       , Gs^Fp       , Aa^Fpa      , Ww          
Aa          , Aa          , Aa          , Aa          , Hh          , Hh          , Mm          , Mm          , Mm          , Aa          , Aa^Vha      , Aa          , Aa          , Aa          , Aa          , Aa          , Aa          , Aa          , Aa          , Aa          , Aa          , Aa^Vha      , Aa          , Aa          , Aa          , Aa          , Aa          , Aa          , Aa          , Aa          , Aa          , Gg          , Aa^Fpa      , Aa^Fpa      , Gs^Fp       , Aa^Fpa      , Gg          , Gg          , Gg          , Aa^Fpa      , Aa^Fpa      , Aa^Fpa      , Aa          , Aa          , Re          , Aa          , Aa          , Aa          , Aa          , Gg          , Aa          , Ha          , Aa          , Aa          , Aa          , Gg          , Gg          , Gg          , Aa^Fpa      , Aa^Fpa      , Gs^Fp       , Aa^Fpa      , Aa^Fpa      , Ww          
Aa          , Aa          , Aa          , Aa          , Gg          , Gg^Vh       , Ha          , Mm          , Ha          , Aa          , Aa          , Aa          , Aa          , Aa          , Aa          , Aa          , Aa          , Aa          , Gg          , Gg          , Aa^Fpa      , Gg          , Aa          , Aa          , Aa          , Aa          , Aa          , Aa          , Aa          , Aa          , Aa          , Gg          , Aa^Fpa      , Gs^Fp       , Gs^Fp       , Gs^Fp       , Aa^Fpa      , Aa^Fpa      , Aa^Fpa      , Gg          , Gg          , Gg          , Re          , Re          , Re          , Aa          , Aa          , Gg          , Gg          , Aa          , Gg          , Aa          , Aa          , Aa          , Aa          , Aa          , Aa          , Gg          , Gg          , Gg          , Gg          , Gg          , Ww          , Ww          
Aa          , Aa          , Aa          , Aa          , Aa          , Aa          , Ha          , Ha          , Ha          , Aa          , Aa          , Aa          , Aa          , Aa          , Aa          , Aa          , Aa          , Aa          , Gg          , Aa^Fpa      , Aa^Fpa      , Gs^Fp       , Aa^Fpa      , Gg          , Gg          , Gg          , Aa          , Aa          , Aa^Vha      , Aa          , Aa          , Gg          , Gs^Fp       , Gs^Fp       , Gs^Fp       , Gs^Fp       , Gs^Fp       , Aa^Fpa      , Mm          , Aa          , Re          , Re          , Gg          , Gg          , Aa          , Re          , Re          , Re          , Re          , Re          , Re          , Re          , Re          , Aa^Vha      , Re          , Re          , Re          , Aa          , Gg          , Gg          , Gg          , Gg          , Gg          , Gg          
Aa          , Aa          , Aa          , Aa          , Aa          , Aa          , Ha          , Ha          , Ha          , Aa          , Aa          , Aa          , Gg          , Gg          , Gg          , Aa          , Aa          , Aa          , Gg          , Aa^Fpa      , Gs^Fp       , Gs^Fp       , Gs^Fp       , Gg          , Gg          , Gg          , Gg          , Aa          , Aa          , Aa          , Aa          , Gg          , Aa^Fpa      , Aa^Fpa      , Gs^Fp       , Gg^Ve       , Aa^Fpa      , Gg          , Re          , Re          , Aa          , Aa          , Gg          , Aa          , Aa          , Gg          , Gg          , Gg^Vh       , Gg          , Ha          , Aa          , Aa          , Aa          , Re          , Aa          , Aa          , Re          , Gg          , Gg          , Gg          , Gg          , Gg          , Gg          , Gg          
Aa          , Aa          , Aa          , Aa          , Re          , Aa          , Aa          , Ha          , Ha          , Aa          , Aa          , Gg          , Aa^Fpa      , Aa^Fpa      , Aa^Fpa      , Gg          , Aa          , Gg          , Gg          , Aa^Fpa      , Ce          , Gs^Fp       , Aa^Fpa      , Aa^Fpa      , Aa^Fpa      , Aa^Fpa      , Gg          , Gg          , Aa          , Aa          , Aa          , Aa          , Aa          , Gg          , Aa^Fpa      , Aa^Fpa      , Gg          , Gg          , Re          , Aa          , Aa          , Gg          , Gg          , Aa          , Aa          , Aa          , Gg          , Gg          , Aa          , Aa          , Aa          , Aa          , Aa          , Aa          , Aa          , Ai          , Aa          , Gg          , Gg          , Gg          , Aa^Fpa      , Gg          , Gg          , Gg          
Re          , Re          , Re          , Re          , Aa^Vha      , Re          , Aa          , Aa          , Ha          , Ha          , Aa          , Gg          , Aa^Fpa      , Gs^Fp       , Gs^Fp       , Aa^Fpa      , Gg          , Gg          , Gg          , Ce          , 4 Ke        , Ce          , Aa^Vha      , Aa^Fpa      , Gs^Fp       , Aa^Fpa      , Aa^Fpa      , Gg          , Gg          , Hh          , Ha          , Aa          , Gg          , Gg          , Gg          , Gg          , Gg          , Gg          , Re          , Aa          , Gg          , Gg          , Gg          , Gg          , Gg          , Gg          , Gg          , Gg          , Gg          , Aa          , Aa          , Aa          , Aa          , Aa          , Ai          , Ww          , Ww          , Aa^Fpa      , Aa^Fpa      , Aa^Fpa      , Aa^Fpa      , Gg          , Aa          , Aa          
Aa          , Aa          , Aa          , Aa          , Aa          , Re          , Aa          , Aa          , Ha          , Ha          , Ha          , Gg          , Aa^Fpa      , Gs^Fp       , Hh          , Gg^Ve       , Hh          , Hh          , Ha          , Ce          , Ce          , Ce          , Aa^Fpa      , Aa^Fpa      , Gs^Fp       , Gs^Fp       , Aa^Fpa      , Aa^Fpa      , Hh          , Ha          , Ha          , Gg          , Gg          , Gg          , Aa          , Gg          , Re          , Re          , Gg          , Gg          , Aa^Fpa      , Aa^Fpa      , Aa^Fpa      , Aa^Fpa      , Gg          , Aa^Fpa      , Aa^Fpa      , Gg          , Gg          , Aa          , Aa          , Aa          , Aa          , Aa          , Ai          , Ai          , Ww          , Aa^Fpa      , Aa^Vha      , Aa^Fpa      , Aa^Fpa      , Aa^Fpa      , Aa          , Aa          
Aa          , Aa          , Aa          , Aa          , Aa          , Re          , Re          , Aa          , Aa          , Ha          , Mm          , Ha          , Hh          , Hh          , Hh          , Hh          , Hh          , Mm          , Hh          , Aa          , Gg          , Gg          , Gg          , Aa^Fpa      , Aa^Fpa      , Aa^Fpa      , Aa^Fpa      , Gg          , Gg          , Gg          , Aa^Fpa      , Aa^Fpa      , Aa^Fpa      , Gg          , Gg          , Aa          , Re          , Aa^Fpa      , Gg          , Aa^Fpa      , Aa^Fpa      , Aa^Vha      , Aa^Fpa      , Aa^Fpa      , Aa^Fpa      , Aa^Fpa      , Aa^Fpa      , Gg          , Gg          , Aa          , Aa          , Aa          , Aa          , Aa          , Gg          , Ai          , Ww          , Aa^Fpa      , Ce          , Ce          , Ce          , Aa^Fpa      , Gg          , Aa          
Aa          , Aa          , Aa          , Aa          , Aa          , Aa          , Aa          , Re          , Aa          , Aa          , Aa          , Ha          , Hh          , Hh          , Hh          , Hh          , Hh          , Hh          , Hh          , Hh          , Gg          , Gg          , Gg          , Gg          , Aa^Fpa      , Aa^Fpa      , Aa^Fpa      , Aa^Fpa      , Gg          , Aa^Fpa      , Gs^Fp       , Gs^Fp       , Gs^Fp       , Aa^Fpa      , Gg          , Re          , Gg          , Aa^Fpa      , Gg          , Gg          , Aa^Fpa      , Aa^Fpa      , Aa^Fpa      , Gs^Fp       , Aa^Fpa      , Aa^Fpa      , Aa^Vha      , Gg          , Gg          , Aa          , Aa          , Aa          , Aa          , Aa          , Aa          , Aa          , Aa          , Aa          , Ce          , 3 Ke        , Ce          , Aa^Fpa      , Gg          , Aa          
Aa^Fpa      , Aa          , Aa          , Aa          , Aa          , Aa          , Aa          , Re          , Re          , Aa          , Aa          , Aa          , Hh          , Hh          , Hh          , Mm          , Hh          , Hh          , Hh          , Hh          , Aa^Fpa      , Aa^Fpa      , Gg          , Gg          , Aa^Fpa      , Gg          , Gg          , Gg          , Aa^Fpa      , Gs^Fp       , Gs^Fp       , Gg^Ve       , Gg          , Gs^Fp       , Re          , Re          , Gg          , Gg          , Gg          , Gg          , Aa^Fpa      , Aa^Fpa      , Aa^Vha      , Aa^Fpa      , Aa^Fpa      , Aa^Fpa      , Gg          , Aa          , Aa          , Gg          , Aa          , Aa^Vha      , Aa          , Aa          , Aa          , Aa          , Aa          , Aa          , Gg          , Ce          , Aa^Fpa      , Gg          , Aa          , Aa          
Aa^Fpa      , Ai          , Ww          , Ai          , Aa          , Aa          , Aa          , Aa          , Re          , Aa^Vha      , Re          , Re          , Re          , Aa^Fpa      , Gs^Fp       , Hh          , Mm          , Hh          , Hh          , Aa^Fpa      , Aa^Fpa      , Aa^Fpa      , Gg          , Aa          , Aa          , Aa          , Aa          , Aa          , Aa^Fpa      , Aa^Fpa      , Gs^Fp       , Gs^Fp       , Gg          , Re          , Gs^Fp       , Aa^Fpa      , Gg          , Aa          , Aa          , Aa          , Gg          , Gg          , Gg          , Aa^Fpa      , Gg          , Gg          , Gg          , Aa          , Aa          , Aa          , Aa          , Aa          , Aa          , Aa          , Aa          , Aa          , Gg          , Gg          , Aa^Fpa      , Gg          , Gg          , Gg          , Aa          , Aa          
Ww          , Ai          , Ww          , Ai          , Aa          , Aa          , Aa          , Aa          , Aa          , Re          , Aa          , Aa          , Re          , Aa^Fpa      , Aa^Fpa      , Aa^Fpa      , Aa^Fpa      , Hh          , Aa^Fpa      , Aa^Fpa      , Aa^Fpa      , Aa^Fpa      , Gg          , Aa^Vha      , Aa          , Aa          , Aa          , Aa          , Aa          , Aa^Fpa      , Aa^Fpa      , Gs^Fp       , Gg          , Re          , Gs^Fp       , Aa^Fpa      , Gg          , Aa          , Aa          , Aa          , Aa          , Ai          , Gg          , Aa^Fpa      , Aa^Fpa      , Gg          , Gg          , Gg          , Aa          , Aa          , Aa          , Aa          , Aa          , Aa          , Aa          , Aa          , Gg          , Gg          , Gg          , Gg          , Gg          , Gg          , Gg          , Gg          
Ai          , Ai          , Ww          , Ai          , Ai          , Aa          , Aa          , Aa          , Aa          , Aa          , Aa          , Aa          , Gg          , Re          , Re          , Aa^Fpa      , Re          , Aa^Fpa      , Aa^Fpa      , Aa^Fpa      , Aa^Fpa      , Aa^Fpa      , Gg          , Aa          , Aa          , Aa          , Aa          , Aa          , Aa          , Gg          , Aa^Fpa      , Aa^Fpa      , Re          , Re          , Gg^Ve       , Aa^Fpa      , Gg          , Gg          , Aa          , Gg          , Gg          , Aa          , Gg          , Aa^Fpa      , Aa^Fpa      , Aa^Fpa      , Gg          , Gg          , Aa          , Aa          , Aa          , Aa          , Aa          , Aa          , Aa          , Gg          , Gg          , Gg          , Gg          , Aa          , Aa          , Aa          , Gg          , Gg          
Aa          , Ai          , Ai          , Aa          , Gg          , Gg          , Gg          , Aa          , Aa          , Aa          , Aa          , Gg          , Aa^Fpa      , Aa^Fpa      , Aa^Fpa      , Re          , Gg          , Re          , Aa          , Gg          , Aa^Fpa      , Aa^Fpa      , Gg          , Aa          , Aa          , Aa          , Aa          , Aa          , Aa          , Aa          , Re          , Re          , Gs^Fp       , Gs^Fp       , Gs^Fp       , Gg          , Aa^Fpa      , Aa^Fpa      , Aa^Fpa      , Gg          , Gg          , Gg          , Aa^Fpa      , Gs^Fp       , Gs^Fp       , Gs^Fp       , Aa^Fpa      , Gg          , Aa          , Aa          , Aa          , Aa          , Aa          , Ai          , Aa          , Gg          , Aa^Fpa      , Aa^Fpa      , Gg          , Aa          , Aa          , Aa          , Gg          , Gg          
Aa          , Aa          , Gg          , Gg          , Aa^Fpa      , Aa^Vha      , Aa^Fpa      , Gg          , Aa          , Aa          , Aa          , Ww          , Aa^Vha      , Aa^Fpa      , Aa^Fpa      , Aa^Fpa      , Gg^Vh       , Re          , Aa          , Gg          , Aa^Fpa      , Aa^Fpa      , Gg          , Aa          , Aa          , Aa          , Aa          , Aa          , Re          , Re          , Ai          , Ai          , Ww          , Aa^Fpa      , Aa^Fpa      , Gg          , Aa^Fpa      , Aa^Fpa      , Aa^Fpa      , Gg          , Gg          , Aa^Fpa      , Ce          , Gg          , Gs^Fp       , Gs^Fp       , Aa^Fpa      , Gg          , Ha          , Aa          , Aa          , Aa          , Aa          , Aa          , Aa          , Gg          , Gg          , Aa^Vha      , Gg          , Aa          , Aa          , Gg          , Gg          , Aa^Fpa      
Aa          , Aa          , Gg          , Aa^Fpa      , Gs^Fp       , Gs^Fp       , Gs^Fp       , Aa^Fpa      , Aa          , Ai          , Ai          , Ww          , Ww          , Gs^Fp       , Ww          , Ww          , Ww          , Re          , Re          , Aa^Fpa      , Aa^Fpa      , Gs^Fp       , Aa^Fpa      , Aa^Fpa      , Aa          , Aa          , Aa          , Re          , Aa          , Ai          , Ai          , Ai          , Aa          , Gg          , Gg          , Gg          , Aa^Fpa      , Aa^Fpa      , Aa^Fpa      , Gg          , Aa^Fpa      , Ce          , 8 Ke        , Ce          , Gs^Fp       , Gs^Fp       , Aa^Fpa      , Gg          , Aa          , Aa          , Aa          , Aa          , Aa          , Aa          , Aa          , Gg          , Aa^Fpa      , Aa^Fpa      , Aa^Fpa      , Aa          , Gg          , Gg          , Aa^Fpa      , Aa^Fpa      
Aa          , Aa          , Gg          , Aa^Fpa      , Gs^Fp       , Gs^Fp       , Aa^Fpa      , Gg          , Ai          , Ai          , Ww          , Ww          , Ww          , Ww          , Ww          , Ww          , Aa^Fpa      , Gg          , Re          , Ww          , Gs^Fp       , Gs^Fp       , Gs^Fp       , Aa^Fpa      , Gg          , Aa          , Re          , Re          , Aa^Vha      , Aa          , Ai          , Ai          , Aa          , Gg          , Gg          , Gg          , Gg          , Gg          , Gg          , Gg          , Aa^Fpa      , Ce          , Ce          , Ce          , Gs^Fp       , Aa^Fpa      , Gg          , Aa          , Aa          , Aa          , Aa          , Aa          , Aa          , Aa          , Gg          , Aa^Fpa      , Aa^Fpa      , Aa^Fpa      , Aa^Fpa      , Gg          , Gg          , Gg          , Aa^Fpa      , Aa^Fpa      
Aa          , Aa          , Aa^Fpa      , Gs^Fp       , Gs^Fp       , Gs^Fp       , Aa^Fpa      , Gg          , Ai          , Ww          , Ww          , Ww          , Ww          , Ww          , Ww          , Ww          , Aa^Fpa      , Gg          , Re          , Aa^Fpa      , Aa^Fpa      , Gs^Fp       , Gg^Ve       , Gs^Fp       , Gg          , Re          , Aa          , Gg          , Aa          , Aa          , Ai          , Ai          , Aa          , Gg          , Gg          , Gg          , Aa          , Aa          , Aa          , Aa          , Gg          , Gg          , Gg          , Aa^Fpa      , Aa^Fpa      , Gg          , Gg          , Gg          , Aa          , Aa          , Aa          , Aa          , Aa          , Aa          , Aa^Fpa      , Gs^Fp       , Gs^Fp       , Gs^Fp       , Aa^Fpa      , Aa^Fpa      , Gg          , Gg          , Aa^Fpa      , Aa^Fpa      
Aa          , Gg          , Aa^Fpa      , Gs^Fp       , Gg^Ve       , Gs^Fp       , Aa^Fpa      , Aa^Fpa      , Ww          , Ww          , Ww          , Ww          , Ww          , Ww          , Ww          , Ww          , Ww          , Gg          , Re          , Aa^Fpa      , Aa^Fpa      , Gs^Fp       , Gs^Fp       , Gs^Fp       , Aa^Fpa      , Re          , Aa          , Aa          , Gg          , Aa          , Aa          , Aa          , Aa          , Aa          , Aa          , Aa          , Aa          , Aa          , Aa          , Aa          , Gg          , Gg          , Gg          , Gg          , Aa^Fpa      , Gg          , Gg^Vh       , Aa^Fpa      , Aa^Fpa      , Aa^Fpa      , Aa^Fpa      , Gg          , Aa^Fpa      , Aa^Vha      , Aa^Fpa      , Gs^Fp       , Gg          , Gs^Fp       , Gs^Fp       , Aa^Fpa      , Gg          , Gg          , Aa^Fpa      , Aa^Fpa      
Aa          , Aa          , Aa^Fpa      , Gs^Fp       , Gs^Fp       , Gs^Fp       , Gs^Fp       , Aa^Fpa      , Ww          , Ww          , Ww          , Ww          , Ww          , Ww          , Ww          , Ww          , Ww          , Re          , Aa          , Aa^Fpa      , Gs^Fp       , Gg          , Gs^Fp       , Gs^Fp       , Aa^Fpa      , Re          , Aa          , Gg          , Gg          , Gg          , Gg          , Gg          , Gg          , Gg          , Aa          , Aa          , Aa          , Aa          , Aa          , Aa          , Aa          , Aa          , Aa          , Gg          , Gg          , Gg          , Ww          , Ww          , Gs^Fp       , Gs^Fp       , Gs^Fp       , Gs^Fp       , Gs^Fp       , Gs^Fp       , Gs^Fp       , Gg          , Gg          , Gg          , Gg^Ve       , Gg          , Aa          , Aa          , Aa          , Gg          
Aa          , Gg          , Aa^Fpa      , Gs^Fp       , Gs^Fp       , Gs^Fp       , Gs^Fp       , Gs^Fp       , Ww          , Ww          , Ww          , Ww          , Ww          , Ww          , Ww          , Ww          , Re          , Re          , Aa          , Gg          , Aa^Fpa      , Gs^Fp       , Gs^Fp       , Aa^Fpa      , Aa^Fpa      , Re          , Aa          , Aa          , Gg          , Gg          , Aa^Fpa      , Aa^Fpa      , Aa^Vha      , Gg          , Aa          , Aa          , Aa          , Aa          , Aa          , Aa          , Aa          , Aa          , Gg          , Gg          , Aa          , Ww          , Ww          , Ww          , Gs^Fp       , Gs^Fp       , Gg          , Gs^Fp       , Gs^Fp       , Gs^Fp       , Gg          , Gg          , Gg          , Gs^Fp       , Aa^Fpa      , Gg          , Aa          , Aa          , Aa          , Gg          
Aa          , Gg          , Aa^Fpa      , Aa^Fpa      , Aa^Fpa      , Gs^Fp       , Aa^Fpa      , Gs^Fp       , Ww          , Ww          , Ww          , Ww          , Ww          , Ww          , Ww          , Aa^Vha      , Re          , Aa          , Aa          , Aa          , Aa^Fpa      , Aa^Fpa      , Aa^Fpa      , Aa^Fpa      , Re          , Re          , Aa          , Aa          , Aa          , Aa^Fpa      , Aa^Fpa      , Aa^Fpa      , Aa^Fpa      , Gg          , Aa          , Aa          , Aa          , Aa          , Aa          , Aa          , Ai          , Gg          , Gg^Vh       , Gg          , Ww          , Ww          , Ww          , Ww          , Aa^Fpa      , Gs^Fp       , Gs^Fp       , Gs^Fp       , Gg^Ve       , Gs^Fp       , Gg          , Gg          , Gs^Fp       , Hh          , Ha          , Ha          , Aa          , Aa          , Aa          , Aa          
Aa          , Gg          , Gg          , Aa^Fpa      , Gs^Fp       , Aa^Fpa      , Aa^Fpa      , Aa^Fpa      , Ww          , Aa^Fpa      , Gg          , Gg^Vh       , Ww          , Aa          , Aa          , Aa          , Re          , Aa          , Aa          , Gg          , Gg          , Aa^Fpa      , Re          , Re          , Aa          , Aa          , Aa          , Gg          , Gg          , Aa^Fpa      , Aa^Fpa      , Gs^Fp       , Aa^Fpa      , Gg          , Aa          , Gg          , Gg          , Aa^Fpa      , Gg          , Ww          , Ww          , Ww          , Aa          , Gg          , Gg          , Ai          , Aa          , Gg^Vh       , Aa^Fpa      , Aa^Fpa      , Aa^Fpa      , Gs^Fp       , Gs^Fp       , Gg          , Gs^Fp       , Gs^Fp       , Hh          , Hh          , Ha          , Aa          , Aa          , Aa          , Aa          , Gg          
Aa          , Aa          , Gg          , Aa^Fpa      , Aa^Fpa      , Aa^Fpa      , Aa^Fpa      , Gg          , Gg          , Gg          , Ww          , Aa^Fpa      , Gg          , Aa          , Aa          , Aa          , Re          , Aa          , Aa          , Gg          , Re          , Re          , Gg          , Gg          , Gg          , Gg          , Gg          , Aa^Fpa      , Gg          , Gg          , Aa^Fpa      , Aa^Fpa      , Aa^Fpa      , Gg          , Ce          , Aa^Fpa      , Aa^Fpa      , Aa^Fpa      , Aa^Fpa      , Ww          , Ww          , Ai          , Ai          , Aa          , Aa          , Aa          , Aa          , Aa          , Aa          , Gg          , Aa^Fpa      , Gs^Fp       , Gs^Fp       , Gs^Fp       , Hh          , Hh          , Hh          , Mm          , Ha          , Aa          , Aa          , Aa          , Aa          , Aa          
Aa          , Aa          , Gg          , Gg          , Gg          , Gg          , Gg          , Gg          , Gg          , Gg          , Ww          , Aa^Fpa      , Aa          , Aa          , Re          , Re          , Aa          , Re          , Re          , Re          , Aa^Fpa      , Aa^Fpa      , Aa^Fpa      , Gg          , Gg          , Gg          , Gg          , Gg          , Gg          , Aa          , Gg          , Gg          , Ce          , Ce          , Ce          , Ce          , Ce          , Aa^Fpa      , Aa^Fpa      , Ww          , Ww          , Ww          , Ai          , Ai          , Aa          , Aa          , Aa          , Aa          , Aa          , Aa          , Aa^Fpa      , Gs^Fp       , Hh          , Hh          , Mm          , Mm          , Mm          , Mm          , Ha          , Aa          , Aa          , Aa          , Aa          , Aa          
Ai          , Aa          , Gg          , Gg          , Aa          , Gg          , Gg          , Gg          , Gg          , Gg          , Aa          , Aa          , Aa          , Re          , Aa          , Aa          , Aa          , Aa          , Gg          , Gg          , Ce          , Aa^Fpa      , Aa^Fpa      , Aa^Fpa      , Aa^Fpa      , Aa^Fpa      , Gg          , Aa          , Aa          , Aa          , Aa          , Ce          , Ce          , Ce          , Ce          , Ce          , Ce          , Ce          , Aa^Fpa      , Ww          , Ww          , Ww          , Ai          , Aa          , Aa          , Aa          , Aa          , Aa          , Aa          , Aa          , Gs^Fp       , Hh          , Mm          , Mm          , Mm          , Mm          , Mm          , Mm          , Mm          , Ha          , Aa          , Aa          , Aa          , Aa          
Aa          , Aa          , Gg          , Gg          , Gg          , Hh          , Hh          , Aa^Fpa      , Aa^Fpa      , Gg          , Aa          , Aa          , Aa          , Re          , Aa          , Aa          , Aa          , Gg          , Gg          , Ce          , 6 Ke        , Ce          , Aa^Fpa      , Aa^Fpa      , Gs^Fp       , Aa^Fpa      , Aa^Vha      , Ai          , Aa          , Aa          , Aa          , Ce          , Ce          , Ce          , 9 Ke        , Ce          , Ce          , Ce          , Aa^Fpa      , Gg^Vh       , Ai          , Ww          , Ai          , Aa          , Aa          , Aa          , Aa          , Aa          , Aa          , Aa^Fpa      , Hh          , Hh          , Mm          , Mm          , Mm          , Mm          , Mm          , Mm          , Mm          , Ha          , Ha          , Ha          , Ha          , Aa          
Aa          , Aa          , Aa          , Gg          , Mm^Vhh      , Mm          , Mm          , Mm          , Hh          , Gg          , Aa          , Aa          , Aa          , Re          , Aa          , Aa          , Aa          , Gg          , Gg^Vh       , Ce          , Ce          , Ce          , Aa^Vha      , Aa^Fpa      , Gs^Fp       , Ww          , Ww          , Ww          , Ai          , Aa          , Aa          , Ce          , Ce          , Ce          , Ce          , Ce          , Ce          , Ce          , Aa^Fpa      , Aa          , Aa          , Ai          , Ai          , Aa          , Aa          , Aa          , Aa          , Aa          , Gg          , Gg          , Hh          , Mm          , Mm          , Mm          , Mm          , Mm          , Mm          , Mm          , Ha          , Mm          , Ha          , Mm          , Ha          , Mm          
Gg          , Gg          , Gg          , Hh          , Mm          , Mm          , Mm          , Mm          , Mm          , Mm          , Aa          , Aa          , Re          , Re          , Aa          , Aa          , Aa          , Gg          , Gg          , Gg          , Gg          , Gg          , Aa^Fpa      , Aa^Fpa      , Ww          , Ww          , Ww          , Ww          , Ai          , Ai          , Aa          , Ce          , Ce          , Ce          , Ce          , Ce          , Ce          , Ce          , Aa^Fpa      , Aa          , Aa          , Ai          , Ai          , Aa          , Aa          , Aa          , Aa          , Aa          , Aa          , Gg          , Aa^Fpa      , Hh          , Mm          , Mm          , Mm          , Mm          , Mm          , Ha          , Ha          , Ha          , Ha          , Mm          , Mm          , Ha          
Gg          , Gg          , Hh          , Mm          , Mm          , Mm          , Mm          , Mm          , Mm          , Mm          , Ha          , Gg          , Re          , Aa          , Aa          , Gg          , Gg          , Gg          , Aa^Fpa      , Gg          , Gg          , Gg          , Aa^Fpa      , Ww          , Ww          , Ww          , Ww          , Ww          , Ai          , Ai          , Aa          , Aa          , Aa          , Ce          , Ce          , Ce          , Gs^Fp       , Aa^Fpa      , Aa^Fpa      , Gg          , Ai          , Aa          , Aa          , Aa          , Aa          , Aa          , Aa          , Gg          , Gg          , Aa^Fpa      , Aa^Fpa      , Aa^Fpa      , Hh          , Hh          , Hh          , Hh          , Hh          , Hh          , Aa^Vha      , Gg          , Ha          , Ha          , Ha          , Ha          
Aa^Fpa      , Hh          , Mm          , Mm          , Mm          , Mm          , Mm          , Mm          , Mm          , Mm          , Mm          , Aa^Fpa      , Aa^Vha      , Re          , Gg          , Gg          , Gg          , Gg          , Gg          , Gg          , Gg          , Gg          , Gg          , Ww          , Ww          , Ww          , Ww          , Ww          , Ai          , Gg          , Gg          , Gg          , Aa          , Aa^Fpa      , Gs^Fp       , Hh          , Gs^Fp       , Gs^Fp       , Aa^Fpa      , Aa^Fpa      , Gg          , Aa          , Aa          , Aa          , Aa          , Aa          , Aa          , Aa          , Aa^Fpa      , Aa^Fpa      , Aa^Fpa      , Aa^Vha      , Aa^Fpa      , Aa^Fpa      , Hh          , Gs^Fp       , Gs^Fp       , Gs^Fp       , Aa^Fpa      , Gg          , Aa          , Aa          , Aa          , Gg          
Hh          , Mm          , Mm          , Mm          , Mm          , Mm          , Mm          , Mm          , Mm          , Mm          , Mm          , Hh          , Gs^Fp       , Re          , Gg          , Gg          , Gg          , Aa          , Aa          , Aa          , Aa          , Gg          , Gg          , Ww          , Aa^Fpa      , Ww          , Ai          , Ww          , Ww          , Aa^Fpa      , Gs^Fp       , Aa^Fpa      , Aa^Fpa      , Aa^Fpa      , Hh          , Hh          , Gs^Fp       , Gs^Fp       , Gs^Fp       , Aa^Fpa      , Gg          , Gg          , Gg          , Aa          , Aa          , Aa          , Aa          , Aa          , Aa          , Gg          , Gg          , Gg          , Gg          , Gg          , Gg          , Aa^Fpa      , Gs^Fp       , Gg          , Aa^Fpa      , Gg          , Aa          , Aa          , Aa          , Gg          
Hh          , Mm          , Mm          , Mm          , Mm          , Mm          , Mm          , Mm          , Mm          , Mm          , Mm          , Hh          , Re          , Re          , Gs^Fp       , Aa^Fpa      , Aa          , Aa          , Aa          , Aa          , Aa          , Aa          , Gg          , Ww          , Gg          , Gg          , Aa          , Gg^Vh       , Gs^Fp       , Gs^Fp       , Gs^Fp       , Gg          , Gs^Fp       , Gs^Fp       , Gg          , Hh          , Gg          , Gs^Fp       , Aa^Fpa      , Gg          , Aa          , Aa          , Gg          , Gg          , Aa^Vha      , Aa          , Aa          , Aa          , Aa          , Aa          , Aa          , Aa          , Aa          , Aa          , Gg          , Aa^Fpa      , Gs^Fp       , Gg^Ve       , Gs^Fp       , Aa^Fpa      , Aa          , Aa          , Aa          , Gg          
Ha          , Mm          , Mm          , Mm          , Mm          , Mm          , Mm          , Mm          , Mm          , Mm          , Mm          , Hh          , Re          , Gg          , Gg          , Gs^Fp       , Gg          , Aa          , Aa          , Aa          , Aa          , Gg          , Aa^Fpa      , Ww          , Aa^Fpa      , Aa^Fpa      , Gg          , Aa^Fpa      , Gs^Fp       , Gs^Fp       , Gg          , Gs^Fp       , Gg^Ve       , Gg          , Gg          , Gg          , Gs^Fp       , Aa^Fpa      , Gg          , Aa          , Aa          , Aa          , Aa          , Gg^Vh       , Ww          , Ai          , Ai          , Aa          , Aa          , Aa          , Ai          , Ai          , Ai          , Ai          , Aa          , Aa^Fpa      , Aa^Fpa      , Aa^Fpa      , Aa^Fpa      , Aa^Fpa      , Aa          , Aa          , Gg          , Gg          
Aa          , Ha          , Mm          , Mm          , Mm          , Mm          , Mm          , Mm          , Mm          , Mm          , Mm          , Hh          , Re          , Gg          , Gs^Fp       , Gs^Fp       , Aa^Fpa      , Gg          , Gg          , Gg          , Gg          , Gg          , Aa^Fpa      , Ww          , Aa^Fpa      , Aa^Fpa      , Gg          , Gg          , Aa^Fpa      , Aa^Fpa      , Gs^Fp       , Gs^Fp       , Gs^Fp       , Gg          , Gg          , Gg          , Gs^Fp       , Gg          , Gg          , Gg          , Aa          , Aa          , Aa          , Aa          , Ww          , Ai          , Ai          , Ai          , Ai          , Ai          , Ai          , Aa          , Ai          , Ai          , Aa          , Aa          , Aa          , Gg          , Gg          , Aa          , Aa          , Aa          , Gg          , Gg          
Aa          , Aa          , Aa          , Ha          , Ha          , Ha^Vhha     , Mm          , Mm          , Mm          , Mm          , Hh          , Gs^Fp       , Re          , Aa^Fpa      , Aa^Fpa      , Aa^Fpa      , Aa^Fpa      , Gg          , Gg          , Gg          , Ww          , Ww          , Gg^Vh       , Ww          , Aa^Fpa      , Aa^Fpa      , Gg          , Aa^Fpa      , Ww          , Ww          , Ww          , Ww          , Gs^Fp       , Gg          , Gg          , Gg          , Aa^Fpa      , Gg          , Gg          , Gg          , Gg          , Aa          , Aa          , Aa          , Aa          , Ai          , Ai          , Ai          , Aa          , Ai          , Aa          , Aa          , Aa          , Ai          , Aa          , Ai          , Ai          , Aa          , Aa          , Aa          , Aa          , Gg          , Gg          , Gg          
Aa          , Gg          , Gg          , Gg          , Aa          , Aa          , Gg          , Gg          , Hh          , Hh          , Re          , Re          , Aa^Fpa      , Gg          , Gg          , Aa^Fpa      , Gg          , Gg          , Gg          , Gg          , Ww          , Ww          , Gg          , Ai          , Ww          , Ww          , Ww          , Ww          , Ww          , Ww          , Ww          , Ww          , Gs^Fp       , Gs^Fp       , Gs^Fp       , Gs^Fp       , Aa^Fpa      , Aa          , Aa          , Aa          , Gg          , Aa          , Aa          , Aa          , Aa          , Ai          , Ai          , Ai          , Aa          , Aa          , Ce          , Aa          , Aa          , Aa          , Aa          , Ai          , Aa          , Aa          , Aa          , Aa          , Aa          , Aa          , Aa          , Gg          
Gg          , Aa^Fpa      , Aa^Fpa      , Aa^Fpa      , Gg          , Gg          , Gg          , Gg          , Re          , Re          , Aa^Fpa      , Aa^Fpa      , Gg^Vh       , Ww          , Gg^Vh       , Gg          , Aa          , Aa          , Ai          , Ai          , Ai          , Aa          , Aa          , Aa          , Ww          , Ww          , Ww          , Ww          , Ww          , Ww          , Aa^Fpa      , Gs^Fp       , Gs^Fp       , Aa^Fpa      , Aa^Fpa      , Aa^Fpa      , Gg          , Gg          , Gg          , Aa          , Gg          , Aa          , Aa          , Aa          , Ai          , Ai          , Ai          , Ai          , Ai          , Ce          , 7 Ke        , Ce          , Aa          , Aa          , Aa          , Aa          , Aa          , Ai          , Aa          , Aa          , Aa          , Aa          , Aa          , Aa          
Aa^Fpa      , Aa^Fpa      , Gs^Fp       , Gs^Fp       , Aa^Fpa      , Gg          , Aa          , Aa          , Re          , Gg          , Aa^Fpa      , Ww          , Ww          , Ww          , Ai          , Aa          , Aa          , Ai          , Ai          , Aa          , Aa          , Aa          , Aa          , Aa          , Gg          , Ww          , Ww          , Ww          , Gg^Vh       , Gg          , Aa^Fpa      , Gs^Fp       , Aa^Fpa      , Aa^Fpa      , Gg          , Aa^Fpa      , Aa^Fpa      , Aa^Fpa      , Aa^Fpa      , Gg          , Gg          , Aa          , Aa          , Aa          , Aa          , Ai          , Ai          , Aa          , Aa          , Ce          , Ce          , Ce          , Aa^Vha      , Aa          , Aa          , Aa          , Ai          , Ai          , Ai          , Ai          , Ai          , Aa          , Aa          , Aa          
Aa^Fpa      , Gs^Fp       , Gs^Fp       , Gg          , Gs^Fp       , Aa^Fpa      , Aa          , Aa          , Re          , Aa^Fpa      , Aa^Fpa      , Gg          , Ai          , Ww          , Ww          , Ww          , Ai          , Ai          , Aa          , Aa          , Aa          , Aa          , Aa          , Aa          , Aa          , Aa          , Aa          , Aa          , Gg          , Gg          , Gs^Fp       , Gs^Fp       , Gs^Fp       , Aa^Fpa      , Gg          , Gg          , Aa^Fpa      , Gs^Fp       , Gs^Fp       , Gs^Fp       , Aa^Fpa      , Gg          , Aa          , Aa          , Gg^Vh       , Ww          , Ww          , Gg          , Aa          , Aa          , Aa          , Aa          , Aa          , Aa          , Aa          , Ai          , Ai          , Ai          , Ai          , Ww          , Ww          , Aa          , Aa          , Aa          
Aa^Fpa      , Gs^Fp       , Gg^Ve       , Gs^Fp       , Gs^Fp       , Aa^Fpa      , Ce          , Ce          , Ce          , Aa^Fpa      , Aa^Fpa      , Ww          , Ww          , Ww          , Ww          , Ww          , Aa^Vha      , Gg          , Aa          , Aa          , Aa          , Aa          , Aa          , Aa          , Aa          , Aa          , Aa          , Aa          , Aa          , Gg          , Aa^Fpa      , Gs^Fp       , Gg^Ve       , Aa^Fpa      , Gg          , Gg          , Aa^Fpa      , Gs^Fp       , Gg          , Gs^Fp       , Aa^Fpa      , Gg          , Aa          , Gg          , Gg          , Aa^Fpa      , Ww          , Hh          , Aa^Fpa      , Aa^Fpa      , Gg          , Aa          , Aa          , Aa          , Aa          , Aa          , Ai          , Ww          , Ww          , Ww          , Aa^Fpa      , Gg          , Re          , Re          
Aa^Fpa      , Gs^Fp       , Gs^Fp       , Ww          , Ww          , Aa^Fpa      , Ce          , 5 Ke        , Ce          , Aa^Fpa      , Ww          , Ww          , Ww          , Ww          , Ww          , Hh          , Hh          , Aa^Fpa      , Aa          , Aa          , Aa          , Aa          , Aa^Vha      , Gg          , Aa          , Aa          , Aa          , Gg          , Gg          , Aa^Fpa      , Aa^Fpa      , Gs^Fp       , Gs^Fp       , Aa^Fpa      , Gg          , Aa          , Gg          , Aa^Fpa      , Gs^Fp       , Gs^Fp       , Aa^Fpa      , Gg          , Aa          , Gg          , Gg          , Aa^Fpa      , Hh          , Gs^Fp       , Aa^Fpa      , Aa^Vha      , Gg          , Aa          , Aa          , Aa          , Aa          , Aa          , Ai          , Ww          , Ww          , Ww          , Aa^Vha      , Aa^Fpa      , Re          , Gg          
Aa^Fpa      , Gs^Fp       , Gs^Fp       , Ww          , Aa^Fpa      , Ww          , Aa          , Ce          , Re          , Hh          , Aa^Vha      , Aa^Fpa      , Aa^Fpa      , Ww          , Ha          , Hh          , Hh          , Ha          , Aa          , Aa          , Aa          , Aa          , Aa          , Aa          , Aa          , Aa          , Gg          , Gg          , Aa^Fpa      , Gg          , Aa^Fpa      , Aa^Fpa      , Aa^Fpa      , Gg          , Gg          , Aa          , Gg          , Gg          , Aa^Fpa      , Gs^Fp       , Gs^Fp       , Aa^Fpa      , Gg          , Gg          , Aa^Fpa      , Aa^Fpa      , Gs^Fp       , Gs^Fp       , Aa^Fpa      , Aa^Fpa      , Gg          , Aa          , Aa          , Aa          , Aa          , Aa          , Ww          , Wo          , Ww          , Ww          , Aa^Fpa      , Aa^Fpa      , Re          , Gg          
Aa^Fpa      , Gs^Fp       , Gs^Fp       , Mm          , Mm          , Mm          , Re          , Re          , Re          , Aa^Fpa      , Aa^Fpa      , Aa^Fpa      , Gg          , Gg          , Ha          , Ha          , Ha          , Ha          , Aa          , Aa          , Aa          , Aa          , Aa          , Aa          , Aa          , Aa          , Aa          , Aa^Fpa      , Gg          , Gg          , Gg          , Gg          , Gg          , Gg          , Gg          , Aa          , Aa          , Aa          , Gg          , Aa^Fpa      , Aa^Fpa      , Aa^Fpa      , Aa^Fpa      , Aa^Fpa      , Aa^Fpa      , Gs^Fp       , Gs^Fp       , Gs^Fp       , Aa^Fpa      , Gg          , Aa          , Aa          , Aa          , Aa          , Aa          , Ai          , Ww          , Wo          , Ww          , Aa^Fpa      , Ce          , Ce          , Ce          , Gg          
Re          , Re          , Re          , Mm          , Mm          , Mm          , Gg          , Aa          , Gg          , Re          , Gg          , Gg          , Gg          , Ha          , Ha          , Mm          , Ha          , Ha          , Aa          , Aa          , Aa          , Gg          , Gg          , Aa          , Aa          , Aa          , Gg          , Gg          , Gg          , Gg          , Gg          , Gg          , Aa^Fpa      , Aa^Fpa      , Gg          , Aa          , Aa          , Aa          , Aa          , Aa          , Gg          , Aa^Fpa      , Aa^Fpa      , Gs^Fp       , Aa^Fpa      , Aa^Fpa      , Aa^Fpa      , Aa^Fpa      , Aa^Fpa      , Gg          , Aa          , Aa          , Aa          , Gg          , Gg          , Ww          , Ww          , Wo          , Ww          , Gg          , Ce          , 2 Ke        , Ce          , Aa          
Aa^Fpa      , Gs^Fp       , Gg          , Re          , Gs^Fp       , Aa^Fpa      , Gg          , Aa          , Aa          , Re          , Re          , Gg          , Gg          , Gg          , Ha          , Ha          , Ha          , Ha          , Aa          , Aa          , Gg          , Gg          , Gg          , Aa          , Aa          , Gg          , Aa          , Aa          , Aa          , Aa          , Aa          , Gg          , Aa^Fpa      , Aa^Fpa      , Aa^Fpa      , Aa          , Aa          , Aa          , Aa          , Aa          , Gg          , Aa^Fpa      , Gs^Fp       , Aa^Fpa      , Aa^Vha      , Aa^Fpa      , Gg          , Gg          , Gg          , Aa          , Aa          , Aa          , Aa          , Gg          , Gg          , Aa^Fpa      , Ww          , Ww          , Ww          , Gg          , Gg          , Ce          , Re          , Aa          
Aa^Fpa      , Aa^Fpa      , Gs^Fp       , Hh          , Aa^Fpa      , Aa^Vha      , Gg          , Aa          , Aa          , Aa          , Aa          , Re          , Re          , Gg          , Ha          , Ha          , Ha          , Aa          , Aa          , Gg          , Gg          , Aa^Fpa      , Gg          , Gg          , Aa          , Aa          , Aa          , Aa          , Aa          , Aa          , Aa          , Gg          , Aa^Fpa      , Gs^Fp       , Aa^Fpa      , Aa          , Aa          , Aa          , Ai          , Ai          , Gg          , Aa^Fpa      , Aa^Fpa      , Aa^Fpa      , Aa^Fpa      , Aa^Fpa      , Gg          , Aa          , Aa          , Gg          , Aa          , Aa          , Aa          , Gg          , Aa^Fpa      , Aa^Vha      , Ww          , Ww          , Gg          , Gg          , Gg          , Gg          , Re          , Aa          
Aa^Fpa      , Aa^Fpa      , Hh          , Hh          , Hh          , Hh          , Ha          , Aa          , Aa          , Aa          , Aa          , Aa          , Re          , Gg          , Gg          , Gg          , Aa          , Aa          , Aa          , Gg          , Gg          , Aa^Fpa      , Aa^Fpa      , Gg          , Aa          , Aa          , Aa          , Aa          , Aa          , Aa          , Re          , Aa          , Aa^Vha      , Aa^Fpa      , Aa^Vha      , Gg          , Aa          , Ai          , Ai          , Aa          , Aa          , Gg          , Aa^Fpa      , Aa^Vha      , Aa^Fpa      , Gg          , Aa          , Gg          , Gg          , Gg          , Aa          , Aa          , Aa          , Gg          , Gg          , Aa^Fpa      , Aa^Fpa      , Aa^Fpa      , Gg          , Gg          , Gg          , Re          , Gg          , Gg          
Aa^Fpa      , Aa^Fpa      , Ha          , Hh          , Mm          , Mm          , Ha          , Aa          , Aa          , Aa          , Aa          , Aa          , Re          , Gg          , Re          , Re          , Re          , Gg          , Re          , Re          , Re          , Gg          , Aa^Vha      , Gg          , Aa          , Aa          , Re          , Re          , Re          , Re          , Aa          , Re          , Re          , Re          , Re          , Re          , Re          , Ai          , Aa          , Aa          , Aa          , Aa          , Gg          , Gg          , Gg          , Gg          , Gg          , Gg          , Aa^Fpa      , Gg          , Gg          , Gg          , Gg          , Aa          , Gg          , Gg          , Aa^Fpa      , Aa^Fpa      , Aa^Vha      , Aa^Fpa      , Gg          , Re          , Gg          , Gg          
Aa^Fpa      , Aa^Fpa      , Ha          , Mm          , Mm          , Ha          , Aa          , Aa          , Aa          , Aa          , Re          , Re          , Aa          , Re          , Gg          , Aa^Fpa      , Aa^Fpa      , Re          , Gg          , Aa          , Aa          , Re          , Re          , Re          , Re          , Re          , Aa          , Aa          , Aa          , Aa          , Aa          , Ai          , Ai          , Ai          , Ai          , Aa          , Aa          , Re          , Re          , Aa          , Aa          , Aa          , Aa          , Aa          , Gg          , Gg          , Aa^Fpa      , Aa^Fpa      , Aa^Fpa      , Aa^Fpa      , Aa^Fpa      , Gg          , Aa          , Aa          , Aa          , Gg          , Aa^Fpa      , Aa^Fpa      , Aa^Fpa      , Aa^Fpa      , Ai          , Re          , Gg          , Aa^Fpa      
Gs^Fp       , Aa^Fpa      , Aa          , Ha          , Ha          , Ha          , Aa          , Aa          , Aa          , Aa^Vha      , Re          , Aa          , Aa          , Aa          , Aa^Fpa      , Aa^Fpa      , Aa^Fpa      , Aa^Fpa      , Ww          , Ww          , Ai          , Aa          , Ai          , Gg          , Aa          , Aa          , Ce          , Aa          , Aa          , Aa          , Ai          , Ai          , Ai          , Ai          , Ai          , Aa          , Aa          , Gg          , Aa          , Re          , Re          , Gg          , Aa          , Aa          , Aa          , Aa^Fpa      , Aa^Fpa      , Aa^Vha      , Aa^Fpa      , Aa^Fpa      , Aa^Fpa      , Gg          , Aa          , Aa          , Aa          , Aa          , Gg          , Aa^Fpa      , Aa^Fpa      , Gg          , Re          , Re          , Aa^Fpa      , Aa^Fpa      
Gs^Fp       , Aa^Fpa      , Gg          , Ha          , Ha          , Ha          , Aa          , Aa          , Re          , Re          , Aa          , Aa          , Aa          , Ai          , Gg          , Gs^Fp       , Gs^Fp       , Aa^Fpa      , Gg^Vh       , Ww          , Ai          , Ai          , Ww          , Aa^Fpa      , Aa^Fpa      , Ce          , 1 Ke        , Ce          , Aa          , Ai          , Ai          , Ai          , Ai          , Ai          , Ai          , Ai          , Gg          , Aa^Fpa      , Aa^Fpa      , Aa^Fpa      , Re          , Gg          , Aa          , Aa          , Aa          , Aa          , Gg          , Aa^Fpa      , Aa^Fpa      , Gs^Fp       , Gs^Fp       , Gg          , Aa          , Aa          , Aa          , Aa          , Gg^Vh       , Ww          , Gg          , Aa^Fpa      , Re          , Gg          , Gg          , Aa^Fpa      
Gs^Fp       , Aa^Fpa      , Gg          , Ha          , Ha          , Aa          , Aa          , Re          , Aa          , Aa          , Aa          , Aa          , Ai          , Ai          , Aa^Fpa      , Ww          , Gs^Fp       , Aa^Fpa      , Aa^Fpa      , Ww          , Ww          , Ww          , Ww          , Aa^Fpa      , Aa^Fpa      , Ce          , Ce          , Ce          , Aa          , Ha          , Mm          , Ai          , Ww          , Ww          , Ww          , Ww          , Gg          , Aa^Fpa      , Aa^Fpa      , Aa^Fpa      , Gg          , Re          , Re          , Aa          , Aa          , Aa          , Gg          , Aa^Fpa      , Gs^Fp       , Gs^Fp       , Gs^Fp       , Aa^Fpa      , Gg          , Gg          , Aa          , Ai          , Ww          , Ai          , Aa          , Re          , Gg          , Aa^Fpa      , Aa^Fpa      , Aa^Fpa      
Gg          , Aa^Fpa      , Aa^Fpa      , Hh          , Ha          , Aa          , Aa          , Re          , Aa          , Aa          , Aa          , Aa          , Ai          , Ai          , Ww          , Ww          , Aa^Fpa      , Aa^Fpa      , Aa^Fpa      , Ww          , Ww          , Ww          , Ww          , Aa^Fpa      , Aa^Fpa      , Gg          , Aa          , Aa          , Ha          , Ha          , Ha          , Ha          , Ww          , Ww          , Ww          , Gg          , Gg          , Aa^Fpa      , Aa^Fpa      , Gg          , Gg          , Gg^Vh       , Aa          , Re          , Re          , Aa          , Aa          , Aa^Fpa      , Gs^Fp       , Gs^Fp       , Gs^Fp       , Gs^Fp       , Aa^Fpa      , Aa^Fpa      , Gg          , Ai          , Ai          , Ai          , Ai          , Re          , Gg          , Aa^Fpa      , Gs^Fp       , Gs^Fp       
Ha          , Hh          , Hh          , Hh          , Re          , Ha          , Re          , Re          , Aa          , Aa          , Ai          , Ai          , Ai          , Ai          , Ww          , Ww          , Aa^Fpa      , Gg          , Gg          , Gg          , Ww          , Ww          , Ww          , Aa^Fpa      , Aa^Fpa      , Gg          , Aa          , Ha          , Mm          , Ha          , Ha          , Ha^Vhha     , Ww          , Ww          , Ww          , Gg          , Aa          , Gg          , Gg          , Aa          , Gg          , Aa          , Ha          , Ha          , Re          , Aa          , Aa          , Gg          , Aa^Fpa      , Gs^Fp       , Gs^Fp       , Gs^Fp       , Gs^Fp       , Aa^Fpa      , Aa^Fpa      , Ai          , Aa          , Aa          , Re          , Re          , Gg          , Aa^Fpa      , Gs^Fp       , Gs^Fp       
Re          , Re          , Re          , Re          , Ha^Vhha     , Re          , Ha          , Aa          , Aa          , Aa          , Ai          , Ww          , Ww          , Ww          , Ww          , Ww          , Gg          , Gg          , Gg^Vh       , Ww          , Aa^Fpa      , Ww          , Ww          , Aa^Vha      , Aa^Fpa      , Aa^Fpa      , Gg          , Ha          , Mm          , Mm          , Ha          , Ha          , Hh          , Gg^Vh       , Ww          , Ww          , Aa          , Aa          , Aa          , Aa          , Aa          , Ha          , Ha          , Ha          , Re          , Aa          , Aa          , Aa          , Aa          , Aa^Fpa      , Gs^Fp       , Gs^Fp       , Gs^Fp       , Gs^Fp       , Aa^Fpa      , Aa          , Re          , Re          , Aa          , Aa          , Aa          , Gg          , Aa^Fpa      , Aa^Fpa      
Re          , Ha          , Ha          , Ha          , Ha          , Ha          , Ha          , Aa          , Gg          , Gg          , Ww          , Ww          , Ww          , Ai          , Ww          , Ai          , Ai          , Ai          , Ww          , Ww          , Gg          , Gg          , Ww          , Aa^Fpa      , Gs^Fp       , Aa^Fpa      , Aa^Fpa      , Gg          , Hh          , Ha          , Mm          , Ha          , Ha          , Aa          , Aa          , Ai          , Aa          , Aa          , Aa          , Aa          , Gg          , Ha          , Ha          , Ha          , Aa          , Re          , Re          , Aa          , Aa          , Gg          , Aa^Fpa      , Aa^Fpa      , Gs^Fp       , Gs^Fp       , Aa^Fpa      , Aa          , Re          , Aa^Vha      , Aa          , Aa          , Aa          , Aa          , Aa          , Ww          
Aa^Fpa      , Gg          , Gg          , Ha          , Aa          , Aa          , Aa          , Gg          , Aa^Fpa      , Aa^Fpa      , Aa^Fpa      , Ww          , Ww          , Ww          , Ai          , Aa          , Aa          , Ai          , Aa          , Ai          , Aa          , Aa          , Aa          , Gg          , Aa^Fpa      , Gs^Fp       , Aa^Fpa      , Aa^Fpa      , Hh          , Ha          , Ha          , Ha          , Ha          , Aa          , Aa          , Ai          , Aa          , Aa          , Aa          , Aa          , Gg          , Aa^Fpa      , Aa^Fpa      , Aa^Fpa      , Aa          , Aa          , Aa          , Re          , Re          , Re          , Re          , Aa^Fpa      , Re          , Re          , Re          , Re          , Aa          , Aa          , Aa          , Aa          , Aa          , Aa          , Aa          , Gg          
